// Jest Snapshot v1, https://goo.gl/fbAQLP

exports[`renders has not starred correctly 1`] = `
<Text
  accessible={true}
  allowFontScaling={false}
  disabled={false}
  ellipsizeMode="tail"
  onPress={[Function]}
  style={
    Array [
      Object {
        "color": "#00a6de",
        "fontSize": 20,
      },
      undefined,
      Object {
        "fontFamily": "Ionicons",
        "fontStyle": "normal",
        "fontWeight": "normal",
      },
    ]
  }
>
  
</Text>
`;

exports[`renders has starred correctly 1`] = `
<Text
  accessible={true}
  allowFontScaling={false}
  disabled={false}
  ellipsizeMode="tail"
  onPress={[Function]}
  style={
    Array [
      Object {
        "color": "#00a6de",
        "fontSize": 20,
      },
      undefined,
      Object {
        "fontFamily": "Ionicons",
        "fontStyle": "normal",
        "fontWeight": "normal",
      },
    ]
  }
>
  
</Text>
`;

exports[`renders loading correctly 1`] = `
<ActivityIndicator
  animating={true}
  color="#00a6de"
  hidesWhenStopped={true}
  size="large"
  style={
    Object {
      "height": 80,
    }
  }
  virtual={undefined}
/>
`;
