// Jest Snapshot v1, https://goo.gl/fbAQLP

exports[`renders error correctly 1`] = `
<Text
  accessible={true}
  allowFontScaling={true}
  disabled={false}
  ellipsizeMode="tail"
  style={
    Object {
      "color": "#000",
      "fontFamily": "System",
      "fontSize": 16,
    }
  }
  uppercase={false}
  virtual={undefined}
>
  Error: Error test
</Text>
`;

exports[`renders information correctly 1`] = `
<View
  style={
    Object {
      "flex": 1,
      "height": 1334,
    }
  }
  virtual={undefined}
>
  <RCTScrollView
    automaticallyAdjustContentInsets={false}
    contentInset={
      Object {
        "bottom": 0,
      }
    }
    enableAutoAutomaticScroll={true}
    enableResetScrollToCoords={true}
    extraHeight={75}
    extraScrollHeight={0}
    keyboardDismissMode="interactive"
    keyboardOpeningTime={250}
    onScroll={[Function]}
    resetScrollToCoords={
      Object {
        "x": 0,
        "y": 0,
      }
    }
    scrollEventThrottle={0}
    showsVerticalScrollIndicator={true}
    style={
      Object {
        "backgroundColor": "transparent",
        "flex": 1,
      }
    }
    virtual={undefined}
  >
    <View>
      <View
        style={
          Object {
            "backgroundColor": "#fff",
          }
        }
      >
        <View
          bordered={true}
          style={
            Object {
              "backgroundColor": "#F0EFF5",
              "borderBottomWidth": 0.5,
              "borderColor": "#c9c9c9",
              "borderTopWidth": 0.5,
              "flex": 1,
              "height": 35,
              "justifyContent": "center",
              "paddingBottom": 10,
              "paddingLeft": 15,
              "paddingTop": 12,
            }
          }
          virtual={undefined}
        >
          <Text
            accessible={true}
            allowFontScaling={true}
            disabled={false}
            ellipsizeMode="tail"
            style={
              Object {
                "color": "#777",
                "fontFamily": "System",
                "fontSize": 12,
              }
            }
            uppercase={false}
            virtual={undefined}
          >
            Profile
          </Text>
        </View>
        <View
          accessibilityComponentType={undefined}
          accessibilityLabel={undefined}
          accessibilityTraits={undefined}
          accessible={true}
          hasTVPreferredFocus={undefined}
          hitSlop={undefined}
          isTVSelectable={true}
          nativeID={undefined}
          onLayout={undefined}
          onResponderGrant={[Function]}
          onResponderMove={[Function]}
          onResponderRelease={[Function]}
          onResponderTerminate={[Function]}
          onResponderTerminationRequest={[Function]}
          onStartShouldSetResponder={[Function]}
          style={
            Array [
              Object {
                "backgroundColor": "transparent",
              },
              undefined,
            ]
          }
          testID={undefined}
          tvParallaxProperties={undefined}
        >
          <View
            avatar={true}
            style={
              Object {
                "alignItems": "center",
                "backgroundColor": "#fff",
                "borderBottomWidth": null,
                "borderColor": "#c9c9c9",
                "flexDirection": "row",
                "marginLeft": 15,
                "paddingBottom": null,
                "paddingRight": null,
                "paddingTop": null,
              }
            }
            virtual={undefined}
          >
            <View
              style={
                Object {
                  "alignItems": "flex-start",
                  "alignSelf": "center",
                  "flex": 0,
                  "flexDirection": "row",
                }
              }
              virtual={undefined}
            >
              <Image
                source={
                  Object {
                    "uri": "test",
                  }
                }
                style={
                  Object {
                    "borderRadius": 28,
                    "height": 56,
                    "width": 56,
                  }
                }
                virtual={undefined}
              />
            </View>
            <View
              style={
                Object {
                  "alignItems": null,
                  "alignSelf": null,
                  "borderBottomWidth": 0.5,
                  "borderColor": "#c9c9c9",
                  "flex": 1,
                  "marginLeft": 15,
                  "paddingBottom": 10,
                  "paddingTop": 10,
                }
              }
              virtual={undefined}
            >
              <View
                style={
                  Object {
                    "width": "100%",
                  }
                }
              >
                <View>
                  <Text
                    accessible={true}
                    allowFontScaling={true}
                    disabled={false}
                    ellipsizeMode="tail"
                    style={
                      Object {
                        "color": "#000",
                        "fontFamily": "System",
                        "fontSize": 16,
                        "marginLeft": null,
                        "marginRight": 10,
                      }
                    }
                    uppercase={false}
                    virtual={undefined}
                  >
                    test
                  </Text>
                  <Text
                    accessible={true}
                    allowFontScaling={true}
                    disabled={false}
                    ellipsizeMode="tail"
                    note={true}
                    style={
                      Array [
                        Object {
                          "color": "#808080",
                          "fontFamily": "System",
                          "fontSize": 14,
                          "fontWeight": "200",
                          "marginLeft": null,
                          "marginRight": 10,
                        },
                        Object {
                          "marginTop": 5,
                        },
                      ]
                    }
                    uppercase={false}
                    virtual={undefined}
                  >
                    test
                  </Text>
                </View>
                <View
                  style={
                    Object {
                      "position": "absolute",
                      "right": 0,
                      "top": 0,
                    }
                  }
                >
                  <ActivityIndicator
                    animating={true}
                    color="#00a6de"
                    hidesWhenStopped={true}
                    size="large"
                    style={
                      Object {
                        "height": 80,
                      }
                    }
                    virtual={undefined}
                  />
                </View>
              </View>
              <Text
                accessible={true}
                allowFontScaling={true}
                disabled={false}
                ellipsizeMode="tail"
                note={true}
                style={
                  Array [
                    Object {
                      "color": "#808080",
                      "fontFamily": "System",
                      "fontSize": 14,
                      "fontWeight": "200",
                      "marginLeft": null,
                      "marginRight": 10,
                    },
                    Object {
                      "marginTop": 5,
                    },
                  ]
                }
                uppercase={false}
                virtual={undefined}
              >
                test
              </Text>
            </View>
            <View
              style={
                Object {
                  "alignItems": "flex-end",
                  "alignSelf": "stretch",
                  "borderBottomWidth": 0.5,
                  "borderColor": "#c9c9c9",
                  "flex": 0,
                  "paddingBottom": 10,
                  "paddingLeft": null,
                  "paddingRight": 15,
                  "paddingTop": 10,
                }
              }
              virtual={undefined}
            />
          </View>
        </View>
        <View
          accessibilityComponentType={undefined}
          accessibilityLabel={undefined}
          accessibilityTraits={undefined}
          accessible={true}
          hasTVPreferredFocus={undefined}
          hitSlop={undefined}
          isTVSelectable={true}
          nativeID={undefined}
          onLayout={undefined}
          onResponderGrant={[Function]}
          onResponderMove={[Function]}
          onResponderRelease={[Function]}
          onResponderTerminate={[Function]}
          onResponderTerminationRequest={[Function]}
          onStartShouldSetResponder={[Function]}
          style={
            Array [
              Object {
                "backgroundColor": "transparent",
              },
              undefined,
            ]
          }
          testID={undefined}
          tvParallaxProperties={undefined}
        >
          <View
            icon={true}
            last={false}
            style={
              Object {
                "alignItems": "center",
                "backgroundColor": "#fff",
                "borderBottomWidth": null,
                "borderColor": "#c9c9c9",
                "flexDirection": "row",
                "height": 44,
                "justifyContent": "center",
                "marginLeft": 15,
                "paddingBottom": null,
                "paddingRight": null,
                "paddingTop": null,
              }
            }
            virtual={undefined}
          >
            <View
              style={
                Object {
                  "alignItems": "center",
                  "alignSelf": "center",
                  "flex": 0,
                  "flexDirection": "row",
                  "height": 44,
                  "justifyContent": "center",
                  "paddingRight": 15,
                }
              }
              virtual={undefined}
            >
              <Text
                accessible={true}
                allowFontScaling={false}
                disabled={false}
                ellipsizeMode="tail"
                style={
                  Array [
                    Object {
                      "color": undefined,
                      "fontSize": 20,
                    },
                    Object {
                      "width": 20,
                    },
                    Object {
                      "fontFamily": "Ionicons",
                      "fontStyle": "normal",
                      "fontWeight": "normal",
                    },
                  ]
                }
              >
                
              </Text>
            </View>
            <View
              style={
                Object {
                  "alignItems": null,
                  "alignSelf": null,
                  "borderBottomWidth": 0.5,
                  "borderColor": "#c9c9c9",
                  "flex": 1,
                  "height": 44,
                  "justifyContent": "center",
                }
              }
              virtual={undefined}
            >
              <Text
                accessible={true}
                allowFontScaling={true}
                disabled={false}
                ellipsizeMode="tail"
                style={
                  Object {
                    "color": "#000",
                    "fontFamily": "System",
                    "fontSize": 17,
                    "marginLeft": null,
                    "marginRight": 10,
                  }
                }
                uppercase={false}
                virtual={undefined}
              >
                Company
              </Text>
            </View>
            <View
              style={
                Object {
                  "alignItems": "center",
                  "alignSelf": "stretch",
                  "borderBottomWidth": 0.5,
                  "borderColor": "#c9c9c9",
                  "flex": 0,
                  "flexDirection": "row",
                  "height": 44,
                  "justifyContent": "flex-end",
                  "paddingBottom": null,
                  "paddingLeft": null,
                  "paddingRight": 15,
                  "paddingTop": null,
                }
              }
              virtual={undefined}
            >
              <Text
                accessible={true}
                allowFontScaling={true}
                disabled={false}
                ellipsizeMode="tail"
                style={
                  Object {
                    "alignSelf": null,
                    "color": "#8F8E95",
                    "fontFamily": "System",
                    "fontSize": 17,
                    "textAlign": "center",
                  }
                }
                uppercase={false}
                virtual={undefined}
              >
                test
              </Text>
            </View>
          </View>
        </View>
        <View
          accessibilityComponentType={undefined}
          accessibilityLabel={undefined}
          accessibilityTraits={undefined}
          accessible={true}
          hasTVPreferredFocus={undefined}
          hitSlop={undefined}
          isTVSelectable={true}
          nativeID={undefined}
          onLayout={undefined}
          onResponderGrant={[Function]}
          onResponderMove={[Function]}
          onResponderRelease={[Function]}
          onResponderTerminate={[Function]}
          onResponderTerminationRequest={[Function]}
          onStartShouldSetResponder={[Function]}
          style={
            Array [
              Object {
                "backgroundColor": "transparent",
              },
              undefined,
            ]
          }
          testID={undefined}
          tvParallaxProperties={undefined}
        >
          <View
            icon={true}
            last={false}
            style={
              Object {
                "alignItems": "center",
                "backgroundColor": "#fff",
                "borderBottomWidth": null,
                "borderColor": "#c9c9c9",
                "flexDirection": "row",
                "height": 44,
                "justifyContent": "center",
                "marginLeft": 15,
                "paddingBottom": null,
                "paddingRight": null,
                "paddingTop": null,
              }
            }
            virtual={undefined}
          >
            <View
              style={
                Object {
                  "alignItems": "center",
                  "alignSelf": "center",
                  "flex": 0,
                  "flexDirection": "row",
                  "height": 44,
                  "justifyContent": "center",
                  "paddingRight": 15,
                }
              }
              virtual={undefined}
            >
              <Text
                accessible={true}
                allowFontScaling={false}
                disabled={false}
                ellipsizeMode="tail"
                style={
                  Array [
                    Object {
                      "color": undefined,
                      "fontSize": 20,
                    },
                    Object {
                      "width": 20,
                    },
                    Object {
                      "fontFamily": "Ionicons",
                      "fontStyle": "normal",
                      "fontWeight": "normal",
                    },
                  ]
                }
              >
                
              </Text>
            </View>
            <View
              style={
                Object {
                  "alignItems": null,
                  "alignSelf": null,
                  "borderBottomWidth": 0.5,
                  "borderColor": "#c9c9c9",
                  "flex": 1,
                  "height": 44,
                  "justifyContent": "center",
                }
              }
              virtual={undefined}
            >
              <Text
                accessible={true}
                allowFontScaling={true}
                disabled={false}
                ellipsizeMode="tail"
                style={
                  Object {
                    "color": "#000",
                    "fontFamily": "System",
                    "fontSize": 17,
                    "marginLeft": null,
                    "marginRight": 10,
                  }
                }
                uppercase={false}
                virtual={undefined}
              >
                Location
              </Text>
            </View>
            <View
              style={
                Object {
                  "alignItems": "center",
                  "alignSelf": "stretch",
                  "borderBottomWidth": 0.5,
                  "borderColor": "#c9c9c9",
                  "flex": 0,
                  "flexDirection": "row",
                  "height": 44,
                  "justifyContent": "flex-end",
                  "paddingBottom": null,
                  "paddingLeft": null,
                  "paddingRight": 15,
                  "paddingTop": null,
                }
              }
              virtual={undefined}
            >
              <Text
                accessible={true}
                allowFontScaling={true}
                disabled={false}
                ellipsizeMode="tail"
                style={
                  Object {
                    "alignSelf": null,
                    "color": "#8F8E95",
                    "fontFamily": "System",
                    "fontSize": 17,
                    "textAlign": "center",
                  }
                }
                uppercase={false}
                virtual={undefined}
              >
                test
              </Text>
            </View>
          </View>
        </View>
        <View
          accessibilityComponentType={undefined}
          accessibilityLabel={undefined}
          accessibilityTraits={undefined}
          accessible={true}
          hasTVPreferredFocus={undefined}
          hitSlop={undefined}
          isTVSelectable={true}
          nativeID={undefined}
          onLayout={undefined}
          onResponderGrant={[Function]}
          onResponderMove={[Function]}
          onResponderRelease={[Function]}
          onResponderTerminate={[Function]}
          onResponderTerminationRequest={[Function]}
          onStartShouldSetResponder={[Function]}
          style={
            Array [
              Object {
                "backgroundColor": "transparent",
              },
              undefined,
            ]
          }
          testID={undefined}
          tvParallaxProperties={undefined}
        >
          <View
            icon={true}
            last={false}
            style={
              Object {
                "alignItems": "center",
                "backgroundColor": "#fff",
                "borderBottomWidth": null,
                "borderColor": "#c9c9c9",
                "flexDirection": "row",
                "height": 44,
                "justifyContent": "center",
                "marginLeft": 15,
                "paddingBottom": null,
                "paddingRight": null,
                "paddingTop": null,
              }
            }
            virtual={undefined}
          >
            <View
              style={
                Object {
                  "alignItems": "center",
                  "alignSelf": "center",
                  "flex": 0,
                  "flexDirection": "row",
                  "height": 44,
                  "justifyContent": "center",
                  "paddingRight": 15,
                }
              }
              virtual={undefined}
            >
              <Text
                accessible={true}
                allowFontScaling={false}
                disabled={false}
                ellipsizeMode="tail"
                style={
                  Array [
                    Object {
                      "color": undefined,
                      "fontSize": 20,
                    },
                    Object {
                      "width": 20,
                    },
                    Object {
                      "fontFamily": "Ionicons",
                      "fontStyle": "normal",
                      "fontWeight": "normal",
                    },
                  ]
                }
              >
                
              </Text>
            </View>
            <View
              style={
                Object {
                  "alignItems": null,
                  "alignSelf": null,
                  "borderBottomWidth": 0.5,
                  "borderColor": "#c9c9c9",
                  "flex": 1,
                  "height": 44,
                  "justifyContent": "center",
                }
              }
              virtual={undefined}
            >
              <Text
                accessible={true}
                allowFontScaling={true}
                disabled={false}
                ellipsizeMode="tail"
                style={
                  Object {
                    "color": "#000",
                    "fontFamily": "System",
                    "fontSize": 17,
                    "marginLeft": null,
                    "marginRight": 10,
                  }
                }
                uppercase={false}
                virtual={undefined}
              >
                Email
              </Text>
            </View>
            <View
              style={
                Object {
                  "alignItems": "center",
                  "alignSelf": "stretch",
                  "borderBottomWidth": 0.5,
                  "borderColor": "#c9c9c9",
                  "flex": 0,
                  "flexDirection": "row",
                  "height": 44,
                  "justifyContent": "flex-end",
                  "paddingBottom": null,
                  "paddingLeft": null,
                  "paddingRight": 15,
                  "paddingTop": null,
                }
              }
              virtual={undefined}
            >
              <Text
                accessible={true}
                allowFontScaling={true}
                disabled={false}
                ellipsizeMode="tail"
                style={
                  Object {
                    "alignSelf": null,
                    "color": "#8F8E95",
                    "fontFamily": "System",
                    "fontSize": 17,
                    "textAlign": "center",
                  }
                }
                uppercase={false}
                virtual={undefined}
              >
                test
              </Text>
            </View>
          </View>
        </View>
        <View
          accessibilityComponentType={undefined}
          accessibilityLabel={undefined}
          accessibilityTraits={undefined}
          accessible={true}
          hasTVPreferredFocus={undefined}
          hitSlop={undefined}
          isTVSelectable={true}
          nativeID={undefined}
          onLayout={undefined}
          onResponderGrant={[Function]}
          onResponderMove={[Function]}
          onResponderRelease={[Function]}
          onResponderTerminate={[Function]}
          onResponderTerminationRequest={[Function]}
          onStartShouldSetResponder={[Function]}
          style={
            Array [
              Object {
                "backgroundColor": "transparent",
              },
              undefined,
            ]
          }
          testID={undefined}
          tvParallaxProperties={undefined}
        >
          <View
            icon={true}
            last={false}
            style={
              Object {
                "alignItems": "center",
                "backgroundColor": "#fff",
                "borderBottomWidth": null,
                "borderColor": "#c9c9c9",
                "flexDirection": "row",
                "height": 44,
                "justifyContent": "center",
                "marginLeft": 15,
                "paddingBottom": null,
                "paddingRight": null,
                "paddingTop": null,
              }
            }
            virtual={undefined}
          >
            <View
              style={
                Object {
                  "alignItems": "center",
                  "alignSelf": "center",
                  "flex": 0,
                  "flexDirection": "row",
                  "height": 44,
                  "justifyContent": "center",
                  "paddingRight": 15,
                }
              }
              virtual={undefined}
            >
              <Text
                accessible={true}
                allowFontScaling={false}
                disabled={false}
                ellipsizeMode="tail"
                style={
                  Array [
                    Object {
                      "color": undefined,
                      "fontSize": 20,
                    },
                    Object {
                      "width": 20,
                    },
                    Object {
                      "fontFamily": "Ionicons",
                      "fontStyle": "normal",
                      "fontWeight": "normal",
                    },
                  ]
                }
              >
                
              </Text>
            </View>
            <View
              style={
                Object {
                  "alignItems": null,
                  "alignSelf": null,
                  "borderBottomWidth": 0.5,
                  "borderColor": "#c9c9c9",
                  "flex": 1,
                  "height": 44,
                  "justifyContent": "center",
                }
              }
              virtual={undefined}
            >
              <Text
                accessible={true}
                allowFontScaling={true}
                disabled={false}
                ellipsizeMode="tail"
                style={
                  Object {
                    "color": "#000",
                    "fontFamily": "System",
                    "fontSize": 17,
                    "marginLeft": null,
                    "marginRight": 10,
                  }
                }
                uppercase={false}
                virtual={undefined}
              >
                Website
              </Text>
            </View>
            <View
              style={
                Object {
                  "alignItems": "center",
                  "alignSelf": "stretch",
                  "borderBottomWidth": 0.5,
                  "borderColor": "#c9c9c9",
                  "flex": 0,
                  "flexDirection": "row",
                  "height": 44,
                  "justifyContent": "flex-end",
                  "paddingBottom": null,
                  "paddingLeft": null,
                  "paddingRight": 15,
                  "paddingTop": null,
                }
              }
              virtual={undefined}
            >
              <Text
                accessible={true}
                allowFontScaling={true}
                disabled={false}
                ellipsizeMode="tail"
                style={
                  Object {
                    "alignSelf": null,
                    "color": "#8F8E95",
                    "fontFamily": "System",
                    "fontSize": 17,
                    "textAlign": "center",
                  }
                }
                uppercase={false}
                virtual={undefined}
              >
                test
              </Text>
            </View>
          </View>
        </View>
        <View
          accessibilityComponentType={undefined}
          accessibilityLabel={undefined}
          accessibilityTraits={undefined}
          accessible={true}
          hasTVPreferredFocus={undefined}
          hitSlop={undefined}
          isTVSelectable={true}
          nativeID={undefined}
          onLayout={undefined}
          onResponderGrant={[Function]}
          onResponderMove={[Function]}
          onResponderRelease={[Function]}
          onResponderTerminate={[Function]}
          onResponderTerminationRequest={[Function]}
          onStartShouldSetResponder={[Function]}
          style={
            Array [
              Object {
                "backgroundColor": "transparent",
              },
              undefined,
            ]
          }
          testID={undefined}
          tvParallaxProperties={undefined}
        >
          <View
            icon={true}
            last={true}
            style={
              Object {
                "alignItems": "center",
                "backgroundColor": "#fff",
                "borderBottomWidth": 0.5,
                "borderColor": "#c9c9c9",
                "flexDirection": "row",
                "height": 44,
                "justifyContent": "center",
                "marginLeft": -15,
                "paddingBottom": null,
                "paddingLeft": 30,
                "paddingRight": null,
                "paddingTop": null,
                "top": 1,
              }
            }
            virtual={undefined}
          >
            <View
              style={
                Object {
                  "alignItems": "center",
                  "alignSelf": "center",
                  "flex": 0,
                  "flexDirection": "row",
                  "height": 44,
                  "justifyContent": "center",
                  "paddingRight": 15,
                }
              }
              virtual={undefined}
            >
              <Text
                accessible={true}
                allowFontScaling={false}
                disabled={false}
                ellipsizeMode="tail"
                style={
                  Array [
                    Object {
                      "color": undefined,
                      "fontSize": 20,
                    },
                    Object {
                      "width": 20,
                    },
                    Object {
                      "fontFamily": "Ionicons",
                      "fontStyle": "normal",
                      "fontWeight": "normal",
                    },
                  ]
                }
              >
                
              </Text>
            </View>
            <View
              style={
                Object {
                  "alignItems": null,
                  "alignSelf": null,
                  "borderBottomWidth": null,
                  "borderColor": "#c9c9c9",
                  "flex": 1,
                  "height": 44,
                  "justifyContent": "center",
                }
              }
              virtual={undefined}
            >
              <Text
                accessible={true}
                allowFontScaling={true}
                disabled={false}
                ellipsizeMode="tail"
                style={
                  Object {
                    "color": "#000",
                    "fontFamily": "System",
                    "fontSize": 17,
                    "marginLeft": null,
                    "marginRight": 10,
                  }
                }
                uppercase={false}
                virtual={undefined}
              >
                Created
              </Text>
            </View>
            <View
              style={
                Object {
                  "alignItems": "center",
                  "alignSelf": "stretch",
                  "borderBottomWidth": null,
                  "borderColor": "#c9c9c9",
                  "flex": 0,
                  "flexDirection": "row",
                  "height": 44,
                  "justifyContent": "flex-end",
                  "paddingBottom": null,
                  "paddingLeft": null,
                  "paddingRight": 15,
                  "paddingTop": null,
                }
              }
              virtual={undefined}
            >
              <Text
                accessible={true}
                allowFontScaling={true}
                disabled={false}
                ellipsizeMode="tail"
                style={
                  Object {
                    "alignSelf": null,
                    "color": "#8F8E95",
                    "fontFamily": "System",
                    "fontSize": 17,
                    "textAlign": "center",
                  }
                }
                uppercase={false}
                virtual={undefined}
              >
                Invalid Date
              </Text>
            </View>
          </View>
        </View>
      </View>
      <View>
        <View
          bordered={true}
          style={
            Object {
              "backgroundColor": "#F0EFF5",
              "borderBottomWidth": 0.5,
              "borderColor": "#c9c9c9",
              "borderTopWidth": 0.5,
              "flex": 1,
              "height": 35,
              "justifyContent": "center",
              "paddingBottom": 10,
              "paddingLeft": 15,
              "paddingTop": 12,
            }
          }
          virtual={undefined}
        >
          <Text
            accessible={true}
            allowFontScaling={true}
            disabled={false}
            ellipsizeMode="tail"
            style={
              Object {
                "color": "#777",
                "fontFamily": "System",
                "fontSize": 12,
              }
            }
            uppercase={false}
            virtual={undefined}
          >
            Statistic
          </Text>
        </View>
        <View
          accessibilityComponentType={undefined}
          accessibilityLabel={undefined}
          accessibilityTraits={undefined}
          accessible={true}
          collapsable={undefined}
          hitSlop={undefined}
          isTVSelectable={true}
          nativeID={undefined}
          onLayout={undefined}
          onResponderGrant={[Function]}
          onResponderMove={[Function]}
          onResponderRelease={[Function]}
          onResponderTerminate={[Function]}
          onResponderTerminationRequest={[Function]}
          onStartShouldSetResponder={[Function]}
          style={
            Object {
              "opacity": 1,
            }
          }
          testID={undefined}
          tvParallaxProperties={undefined}
        >
          <View
            onPress={[Function]}
            style={
              Object {
                "flex": 1,
                "flexDirection": "column",
              }
            }
          >
            <View
              style={
                Object {
                  "flex": 1,
                  "flexDirection": "row",
                }
              }
            >
              <View
                style={
                  Object {
                    "alignItems": "center",
                    "backgroundColor": "#fff",
                    "borderBottomWidth": 0.5,
                    "borderColor": "#c9c9c9",
                    "borderRightWidth": 0.5,
                    "flex": 1,
                    "flexDirection": "column",
                    "height": 100,
                    "justifyContent": "center",
                  }
                }
              >
                <Text
                  accessible={true}
                  allowFontScaling={true}
                  disabled={false}
                  ellipsizeMode="tail"
                  note={true}
                  style={
                    Object {
                      "color": "#a7a7a7",
                      "fontFamily": "System",
                      "fontSize": 14,
                    }
                  }
                  uppercase={false}
                  virtual={undefined}
                >
                  Repos
                </Text>
                <Text
                  accessible={true}
                  allowFontScaling={true}
                  disabled={false}
                  ellipsizeMode="tail"
                  style={
                    Object {
                      "color": "#000",
                      "fontFamily": "System",
                      "fontSize": 16,
                    }
                  }
                  uppercase={false}
                  virtual={undefined}
                >
                  0
                </Text>
              </View>
              <View
                style={
                  Object {
                    "alignItems": "center",
                    "backgroundColor": "#fff",
                    "borderBottomWidth": 0.5,
                    "borderColor": "#c9c9c9",
                    "flex": 1,
                    "flexDirection": "column",
                    "height": 100,
                    "justifyContent": "center",
                  }
                }
              >
                <Text
                  accessible={true}
                  allowFontScaling={true}
                  disabled={false}
                  ellipsizeMode="tail"
                  note={true}
                  style={
                    Object {
                      "color": "#a7a7a7",
                      "fontFamily": "System",
                      "fontSize": 14,
                    }
                  }
                  uppercase={false}
                  virtual={undefined}
                >
                  Starred
                </Text>
                <Text
                  accessible={true}
                  allowFontScaling={true}
                  disabled={false}
                  ellipsizeMode="tail"
                  style={
                    Object {
                      "color": "#000",
                      "fontFamily": "System",
                      "fontSize": 16,
                    }
                  }
                  uppercase={false}
                  virtual={undefined}
                >
                  0
                </Text>
              </View>
            </View>
            <View
              style={
                Object {
                  "flex": 1,
                  "flexDirection": "row",
                }
              }
            >
              <View
                style={
                  Object {
                    "alignItems": "center",
                    "backgroundColor": "#fff",
                    "borderColor": "#c9c9c9",
                    "borderRightWidth": 0.5,
                    "flex": 1,
                    "flexDirection": "column",
                    "height": 100,
                    "justifyContent": "center",
                  }
                }
              >
                <Text
                  accessible={true}
                  allowFontScaling={true}
                  disabled={false}
                  ellipsizeMode="tail"
                  note={true}
                  style={
                    Object {
                      "color": "#a7a7a7",
                      "fontFamily": "System",
                      "fontSize": 14,
                    }
                  }
                  uppercase={false}
                  virtual={undefined}
                >
                  Followers
                </Text>
                <Text
                  accessible={true}
                  allowFontScaling={true}
                  disabled={false}
                  ellipsizeMode="tail"
                  style={
                    Object {
                      "color": "#000",
                      "fontFamily": "System",
                      "fontSize": 16,
                    }
                  }
                  uppercase={false}
                  virtual={undefined}
                >
                  0
                </Text>
              </View>
              <View
                style={
                  Object {
                    "alignItems": "center",
                    "backgroundColor": "#fff",
                    "borderColor": "#c9c9c9",
                    "flex": 1,
                    "flexDirection": "column",
                    "height": 100,
                    "justifyContent": "center",
                  }
                }
              >
                <Text
                  accessible={true}
                  allowFontScaling={true}
                  disabled={false}
                  ellipsizeMode="tail"
                  note={true}
                  style={
                    Object {
                      "color": "#a7a7a7",
                      "fontFamily": "System",
                      "fontSize": 14,
                    }
                  }
                  uppercase={false}
                  virtual={undefined}
                >
                  Following
                </Text>
                <Text
                  accessible={true}
                  allowFontScaling={true}
                  disabled={false}
                  ellipsizeMode="tail"
                  style={
                    Object {
                      "color": "#000",
                      "fontFamily": "System",
                      "fontSize": 16,
                    }
                  }
                  uppercase={false}
                  virtual={undefined}
                >
                  0
                </Text>
              </View>
            </View>
          </View>
        </View>
      </View>
      <View
        style={
          Object {
            "backgroundColor": "#fff",
          }
        }
      >
        <View
          bordered={true}
          style={
            Object {
              "backgroundColor": "#F0EFF5",
              "borderBottomWidth": 0.5,
              "borderColor": "#c9c9c9",
              "borderTopWidth": 0.5,
              "flex": 1,
              "height": 35,
              "justifyContent": "center",
              "paddingBottom": 10,
              "paddingLeft": 15,
              "paddingTop": 12,
            }
          }
          virtual={undefined}
        >
          <Text
            accessible={true}
            allowFontScaling={true}
            disabled={false}
            ellipsizeMode="tail"
            style={
              Object {
                "color": "#777",
                "fontFamily": "System",
                "fontSize": 12,
              }
            }
            uppercase={false}
            virtual={undefined}
          >
            Organization
          </Text>
        </View>
        <View
          accessibilityComponentType={undefined}
          accessibilityLabel={undefined}
          accessibilityTraits={undefined}
          accessible={true}
          hasTVPreferredFocus={undefined}
          hitSlop={undefined}
          isTVSelectable={true}
          nativeID={undefined}
          onLayout={undefined}
          onResponderGrant={[Function]}
          onResponderMove={[Function]}
          onResponderRelease={[Function]}
          onResponderTerminate={[Function]}
          onResponderTerminationRequest={[Function]}
          onStartShouldSetResponder={[Function]}
          style={
            Array [
              Object {
                "backgroundColor": "transparent",
              },
              undefined,
            ]
          }
          testID={undefined}
          tvParallaxProperties={undefined}
        >
          <View
            icon={true}
            last={true}
            style={
              Object {
                "alignItems": "center",
                "backgroundColor": "#fff",
                "borderBottomWidth": 0.5,
                "borderColor": "#c9c9c9",
                "flexDirection": "row",
                "height": 44,
                "justifyContent": "center",
                "marginLeft": -15,
                "paddingBottom": null,
                "paddingLeft": 30,
                "paddingRight": null,
                "paddingTop": null,
                "top": 1,
              }
            }
            virtual={undefined}
          >
            <View
              style={
                Object {
                  "alignItems": "center",
                  "alignSelf": "center",
                  "flex": 0,
                  "flexDirection": "row",
                  "height": 44,
                  "justifyContent": "center",
                  "paddingRight": 15,
                }
              }
              virtual={undefined}
            >
              <Image
                small={true}
                source={
                  Object {
                    "uri": "test",
                  }
                }
                style={
                  Object {
                    "borderRadius": 18,
                    "height": 36,
                    "width": 36,
                  }
                }
                virtual={undefined}
              />
            </View>
            <View
              style={
                Object {
                  "alignItems": null,
                  "alignSelf": null,
                  "borderBottomWidth": null,
                  "borderColor": "#c9c9c9",
                  "flex": 1,
                  "height": 44,
                  "justifyContent": "center",
                }
              }
              virtual={undefined}
            >
              <Text
                accessible={true}
                allowFontScaling={true}
                disabled={false}
                ellipsizeMode="tail"
                style={
                  Object {
                    "color": "#000",
                    "fontFamily": "System",
                    "fontSize": 17,
                    "marginLeft": null,
                    "marginRight": 10,
                  }
                }
                uppercase={false}
                virtual={undefined}
              >
                test
              </Text>
            </View>
            <View
              style={
                Object {
                  "alignItems": "center",
                  "alignSelf": "stretch",
                  "borderBottomWidth": null,
                  "borderColor": "#c9c9c9",
                  "flex": 0,
                  "flexDirection": "row",
                  "height": 44,
                  "justifyContent": "flex-end",
                  "paddingBottom": null,
                  "paddingLeft": null,
                  "paddingRight": 15,
                  "paddingTop": null,
                }
              }
              virtual={undefined}
            />
          </View>
        </View>
      </View>
    </View>
  </RCTScrollView>
</View>
`;

exports[`renders loading correctly 1`] = `
<ActivityIndicator
  animating={true}
  color="#00a6de"
  hidesWhenStopped={true}
  size="large"
  style={
    Object {
      "height": 80,
    }
  }
  virtual={undefined}
/>
`;
